../Drivers/CMSIS/Include/core_cm7.h:2606:26:ITM_SendChar	4
../Core/Src/main.c:99:6:control_step	9
../Core/Src/main.c:170:5:main	1
../Core/Src/main.c:255:6:SystemClock_Config	4
../Core/Src/main.c:313:13:MX_ADC1_Init	3
../Core/Src/main.c:368:13:MX_DAC_Init	3
../Core/Src/main.c:408:13:MX_TIM6_Init	3
../Core/Src/main.c:450:13:MX_USART3_UART_Init	2
../Core/Src/main.c:485:13:MX_USB_OTG_FS_PCD_Init	2
../Core/Src/main.c:520:13:MX_GPIO_Init	1
../Core/Src/main.c:609:5:_write	2
../Core/Src/main.c:633:6:ADC_IRQHandler	1
../Core/Src/main.c:639:6:HAL_TIM_PeriodElapsedCallback	2
../Core/Src/main.c:648:6:HAL_GPIO_EXTI_Callback	1
../Core/Src/main.c:667:6:callback1	4
../Core/Src/main.c:689:6:callback3	5
../Core/Src/main.c:727:6:callback6	12
../Core/Src/main.c:807:6:Error_Handler	1
