../Drivers/CMSIS/Include/core_cm7.h:2606:26:ITM_SendChar	4
../Core/Src/main.c:99:6:control_step	9
../Core/Src/main.c:173:5:main	1
../Core/Src/main.c:265:6:SystemClock_Config	4
../Core/Src/main.c:323:13:MX_ADC1_Init	3
../Core/Src/main.c:378:13:MX_DAC_Init	3
../Core/Src/main.c:418:13:MX_TIM6_Init	3
../Core/Src/main.c:460:13:MX_USART3_UART_Init	2
../Core/Src/main.c:495:13:MX_USB_OTG_FS_PCD_Init	2
../Core/Src/main.c:530:13:MX_GPIO_Init	1
../Core/Src/main.c:619:5:_write	2
../Core/Src/main.c:643:6:ADC_IRQHandler	1
../Core/Src/main.c:649:6:HAL_TIM_PeriodElapsedCallback	2
../Core/Src/main.c:658:6:HAL_GPIO_EXTI_Callback	1
../Core/Src/main.c:687:6:callback1	4
../Core/Src/main.c:709:6:callback3	5
../Core/Src/main.c:747:6:callback6	12
../Core/Src/main.c:827:6:Error_Handler	1
